// Jest Snapshot v1, https://goo.gl/fbAQLP

exports[`index page renders correctly 1`] = `
<div>
  <h1
    class="sc-bdvvtL iSuoRM"
  >
    The Noose
  </h1>
  <p
    class="sc-gsDKAQ eLJMeh"
  >
    Life's a bitch and then you die.
  </p>
  <input
    data-testid="search-box"
    type="text"
    value=""
  />
  <button
    type="button"
  >
    Get yer noose here
  </button>
  <h2
    class="sc-dkPtRN hMeJFp"
  >
    Top news
  </h2>
  <div>
    <div
      role="button"
      tabindex="0"
    >
      Mock article name
    </div>
  </div>
</div>
`;
