// Jest Snapshot v1, https://goo.gl/fbAQLP

exports[`index page renders correctly 1`] = `
<div>
  <h1
    class="sc-bdvvtL iSuoRM"
  >
    The Noose
  </h1>
  <p
    class="sc-eCImPb jLPgce"
  >
    Life's a bitch and then you die.
  </p>
  <input
    data-testid="search-box"
    type="text"
    value=""
  />
  <button
    type="button"
  >
    Get yer noose here
  </button>
  <h2
    class="sc-jRQBWg cfpiQF"
  >
    Top news
  </h2>
  <ul
    class="sc-hKwDye hqrJQ"
  >
    <li
      class="sc-gsDKAQ ktXXGz"
      role="button"
      tabindex="0"
    >
      Mock article name
    </li>
  </ul>
</div>
`;
